avorovich@nj1:~/arnd$ cd  ..
avorovich@nj1:~$ sudo rm -rf arnd
avorovich@nj1:~$ git clone ssh://git@gitlab.vovaco.com:1008/algornd/arnd.git
Cloning into 'arnd'...
Warning: Identity file /home/avorovich/.ssh/algox2_av not accessible: No such file or directory.
remote: Enumerating objects: 41187, done.
remote: Counting objects: 100% (28/28), done.
remote: Compressing objects: 100% (25/25), done.
remote: Total 41187 (delta 7), reused 0 (delta 0), pack-reused 41159
Receiving objects: 100% (41187/41187), 71.45 MiB | 6.33 MiB/s, done.
Resolving deltas: 100% (33350/33350), done.
avorovich@nj1:~$ cd arnd
avorovich@nj1:~/arnd$ gco 525
branch 'algornd/arnd.525' set up to track 'origin/algornd/arnd.525'.
Switched to a new branch 'algornd/arnd.525'
Last 2 commits on branch algornd/arnd.525:
3dc8478b (HEAD -> algornd/arnd.525, origin/algornd/arnd.525) fix end of file condition
1d3f30a9 total counts + run on local kafka. 100% ack rate
b3761a50 corr_id match fix rename mult req flg
avorovich@nj1:~/arnd$ gitconfig-setup
avorovich@nj1:~/arnd$ git checkout master
Switched to branch 'master'
Your branch is up to date with 'origin/master'.
avorovich@nj1:~/arnd$ git pull
Warning: Identity file /home/avorovich/.ssh/algox2_av not accessible: No such file or directory.
Already up to date.
avorovich@nj1:~/arnd$ gco 525
Switched to branch 'algornd/arnd.525'
Your branch is up to date with 'origin/algornd/arnd.525'.
Last 2 commits on branch algornd/arnd.525:
3dc8478b (HEAD -> algornd/arnd.525, origin/algornd/arnd.525) fix end of file condition
1d3f30a9 total counts + run on local kafka. 100% ack rate
b3761a50 corr_id match fix rename mult req flg
avorovich@nj1:~/arnd$ git rebase master
acr_dm -write_ours -msize 7 -- .merge_file_7NxfTU .merge_file_PZyejB .merge_file_dkuW5I: 1: acr_dm: not found
acr_dm -write_ours -msize 7 -- .merge_file_H4X0nh .merge_file_gXhaU5 .merge_file_ZK97HD: 1: acr_dm: not found
acr_dm -write_ours -msize 7 -- .merge_file_9uNFwK .merge_file_zLiknc .merge_file_3t8Y7C: 1: acr_dm: not found
acr_dm -write_ours -msize 7 -- .merge_file_Bz6ZOe .merge_file_NOpozS .merge_file_ke7CRU: 1: acr_dm: not found
acr_dm -write_ours -msize 7 -- .merge_file_8Vy9eG .merge_file_4fTvut .merge_file_FTgzlt: 1: acr_dm: not found
acr_dm -write_ours -msize 7 -- .merge_file_G0GZJ4 .merge_file_ilt8s4 .merge_file_YrkM9A: 1: acr_dm: not found
acr_dm -write_ours -msize 7 -- .merge_file_GtYzY2 .merge_file_eCgHdA .merge_file_XsnL02: 1: acr_dm: not found
acr_dm -write_ours -msize 7 -- .merge_file_fzMUh0 .merge_file_DW76LR .merge_file_2PWfZe: 1: acr_dm: not found
acr_dm -write_ours -msize 7 -- .merge_file_zRtBQM .merge_file_LrjZtE .merge_file_Yk8glw: 1: acr_dm: not found
acr_dm -write_ours -msize 7 -- .merge_file_etFuWD .merge_file_hcW5uA .merge_file_6OfQ4k: 1: acr_dm: not found
acr_dm -write_ours -msize 7 -- .merge_file_eBO47z .merge_file_Pfg5sM .merge_file_s0mXJT: 1: acr_dm: not found
acr_dm -write_ours -msize 7 -- .merge_file_B0jwnX .merge_file_j2M7ed .merge_file_y2kktn: 1: acr_dm: not found
acr_dm -write_ours -msize 7 -- .merge_file_pRoaAv .merge_file_vEgaF0 .merge_file_QCjF8T: 1: acr_dm: not found
acr_dm -write_ours -msize 7 -- .merge_file_A11V06 .merge_file_K25Xt6 .merge_file_waSIPY: 1: acr_dm: not found
acr_dm -write_ours -msize 7 -- .merge_file_sAYvHw .merge_file_SJEJeU .merge_file_EgHmxF: 1: acr_dm: not found
acr_dm -write_ours -msize 7 -- .merge_file_wRyUXi .merge_file_nW3x0H .merge_file_V8duPl: 1: acr_dm: not found
acr_dm -write_ours -msize 7 -- .merge_file_agip62 .merge_file_nOfZn4 .merge_file_KQZZrh: 1: acr_dm: not found
Auto-merging cpp/gen/command_gen.cpp
Auto-merging cpp/gen/dmmeta_gen.cpp
Auto-merging data/dev/gitfile.ssim
CONFLICT (content): Merge conflict in data/dev/gitfile.ssim
Auto-merging data/dev/readme.ssim
CONFLICT (content): Merge conflict in data/dev/readme.ssim
Auto-merging data/dev/targdep.ssim
CONFLICT (content): Merge conflict in data/dev/targdep.ssim
Auto-merging data/dev/target.ssim
CONFLICT (content): Merge conflict in data/dev/target.ssim
Auto-merging data/dev/targsrc.ssim
CONFLICT (content): Merge conflict in data/dev/targsrc.ssim
Auto-merging data/dev/targsyslib.ssim
CONFLICT (content): Merge conflict in data/dev/targsyslib.ssim
Auto-merging data/dmmeta/cfmt.ssim
CONFLICT (content): Merge conflict in data/dmmeta/cfmt.ssim
Auto-merging data/dmmeta/ctype.ssim
CONFLICT (content): Merge conflict in data/dmmeta/ctype.ssim
Auto-merging data/dmmeta/ctypelen.ssim
CONFLICT (content): Merge conflict in data/dmmeta/ctypelen.ssim
Auto-merging data/dmmeta/fcmdline.ssim
CONFLICT (content): Merge conflict in data/dmmeta/fcmdline.ssim
Auto-merging data/dmmeta/field.ssim
CONFLICT (content): Merge conflict in data/dmmeta/field.ssim
Auto-merging data/dmmeta/floadtuples.ssim
CONFLICT (content): Merge conflict in data/dmmeta/floadtuples.ssim
Auto-merging data/dmmeta/main.ssim
CONFLICT (content): Merge conflict in data/dmmeta/main.ssim
Auto-merging data/dmmeta/ns.ssim
CONFLICT (content): Merge conflict in data/dmmeta/ns.ssim
Auto-merging data/dmmeta/nscpp.ssim
CONFLICT (content): Merge conflict in data/dmmeta/nscpp.ssim
Auto-merging data/dmmeta/nsx.ssim
CONFLICT (content): Merge conflict in data/dmmeta/nsx.ssim
Auto-merging data/dmmeta/tracerec.ssim
CONFLICT (content): Merge conflict in data/dmmeta/tracerec.ssim
Auto-merging include/gen/command_gen.h
Auto-merging include/gen/command_gen.inl.h
Auto-merging include/gen/dmmeta_gen.h
error: could not apply cd5e95a8... pcap parse first cut
hint: Resolve all conflicts manually, mark them as resolved with
hint: "git add/rm <conflicted_files>", then run "git rebase --continue".
hint: You can instead skip this commit: run "git rebase --skip".
hint: To abort and get back to the state before "git rebase", run "git rebase --abort".
Could not apply cd5e95a8... pcap parse first cut
avorovich@nj1:~/arnd$ grep acr_dm .gitattributes
*.ssim merge=acr_dm
*.ssim merge=acr_dm
bash: *.ssim: command not found
avorovich@nj1:~/arnd$ 