
avorovich@nj1:~/arnd$ git status
On branch algornd/arnd.643
Your branch and 'origin/algornd/arnd.643' have diverged,
and have 1 and 1 different commits each, respectively.
  (use "git pull" if you want to integrate the remote branch with yours)

Changes not staged for commit:
  (use "git add <file>..." to update what will be committed)
  (use "git restore <file>..." to discard changes in working directory)
        modified:   data/dev/gitfile.ssim

no changes added to commit (use "git add" and/or "git commit -a")
avorovich@nj1:~/arnd$ grep -r "MetadataRequestV9rdp" .
grep: ./.git/index: binary file matches
avorovich@nj1:~/arnd$ git-add-to-last-commit
[algornd/arnd.643 7a8762a0] adopt kapi.cpp style:ByteAry/memptr/strptr *prep solo files for testing *add metadata files by hand
 Date: Mon Apr 28 15:26:48 2025 -0400
 19 files changed, 186 insertions(+), 529 deletions(-)
 create mode 100644 test/atf_comp/kapi.MetadataReqV9Rdp
 create mode 100644 test/atf_comp/kapi.MetadataRequestV9rdp
 create mode 100644 test/atf_comp/kapi.MetadataRspV9Rdp
avorovich@nj1:~/arnd$ grep -r "MetadataRequestV9rdp" .
grep: ./.git/index: binary file matches
avorovich@nj1:~/arnd$ normalize_loop 
Attempt 1: Running 'normalize'...
# Running tests: checkclean,gitfile,scanreadme,ssimfile,normalize_acr,dkr_gen,omcli_gen,x2admin_gen,fast_gen,x2topo,src_lim,amc,bootstrap,shebang,encoding,readme,file_header,non-copyrighted,iffy_src,stray_gen,tempcode,lineendings,update_script,indent_script,cppcheck,indent_srcfile,ts_indent,normalize_amc_vis,normalize_acr_my,apm_check,
abt.config  builddir:Linux-g++.release-x86_64  ood_src:1  ood_target:1  cache:none
report.abt  n_target:105  time:00:00:07.351186533  hitrate:""  pch_hitrate:""  n_warn:0  n_err:0  n_install:0
atf_ci.begin  citest:checkclean  sandbox:N
atf_ci.citest  citest:checkclean  runtime:00:00:00.026725769  success:Y  comment:"Check that no files are modified"
atf_ci.begin  citest:gitfile  sandbox:N
atf_ci.modified_files  during:gitfile  files:data/dev/gitfile.ssim  success:N  comment:"Please resolve modified files and try again"
Some of the diffs are shown below
diff --git a/data/dev/gitfile.ssim b/data/dev/gitfile.ssim
index 76b909d3..4a5e6c2a 100644
--- a/data/dev/gitfile.ssim
+++ b/data/dev/gitfile.ssim
@@ -2075,6 +2075,7 @@ dev.gitfile  gitfile:test/atf_comp/fast.EncodeUnsignedNullable
 dev.gitfile  gitfile:test/atf_comp/kapi.DecodeApiVersionsRequestV3rdp
 dev.gitfile  gitfile:test/atf_comp/kapi.DecodeApiVersionsResponseV3rdp
 dev.gitfile  gitfile:test/atf_comp/kapi.MetadataReqV9Rdp
+dev.gitfile  gitfile:test/atf_comp/kapi.MetadataRequestV9rdp
 dev.gitfile  gitfile:test/atf_comp/kapi.MetadataRspV9Rdp
 dev.gitfile  gitfile:test/atf_comp/mdbg.OutOfOrderArgs
 dev.gitfile  gitfile:test/atf_comp/mdbg.Smoke
atf_ci.citest  citest:gitfile  runtime:00:00:00.429003587  success:N  comment:"Update gitfile tables by scanning filesystem"
atf_ci.failed  citest:gitfile  success:N  comment:"See prior output for more information"
report.atf_ci  n_citest:48  n_run:2  n_pass:1  success:N  comment:"Some errors occured. Please examine them and try again."
Normalize failed! Amending last commit and retrying...
[algornd/arnd.643 acb84a52] adopt kapi.cpp style:ByteAry/memptr/strptr *prep solo files for testing *add metadata files by hand
 Date: Mon Apr 28 15:26:48 2025 -0400
 19 files changed, 187 insertions(+), 529 deletions(-)
 create mode 100644 test/atf_comp/kapi.MetadataReqV9Rdp
 create mode 100644 test/atf_comp/kapi.MetadataRequestV9rdp
 create mode 100644 test/atf_comp/kapi.MetadataRspV9Rdp
Attempt 2: Running 'normalize'...
# Running tests: checkclean,gitfile,scanreadme,ssimfile,normalize_acr,dkr_gen,omcli_gen,x2admin_gen,fast_gen,x2topo,src_lim,amc,bootstrap,shebang,encoding,readme,file_header,non-copyrighted,iffy_src,stray_gen,tempcode,lineendings,update_script,indent_script,cppcheck,indent_srcfile,ts_indent,normalize_amc_vis,normalize_acr_my,apm_check,
abt.config  builddir:Linux-g++.release-x86_64  ood_src:0  ood_target:0  cache:none
report.abt  n_target:105  time:00:00:00.082909958  hitrate:""  pch_hitrate:""  n_warn:0  n_err:0  n_install:0
atf_ci.begin  citest:checkclean  sandbox:N
atf_ci.citest  citest:checkclean  runtime:00:00:00.028784669  success:Y  comment:"Check that no files are modified"
atf_ci.begin  citest:gitfile  sandbox:N
atf_ci.citest  citest:gitfile  runtime:00:00:00.409124713  success:Y  comment:"Update gitfile tables by scanning filesystem"
atf_ci.begin  citest:scanreadme  sandbox:N
atf_ci.citest  citest:scanreadme  runtime:00:00:00.102868171  success:Y  comment:"Update readme tables by scanning filesystem"
atf_ci.begin  citest:ssimfile  sandbox:N
atf_ci.citest  citest:ssimfile  runtime:00:00:00.03120332  success:Y  comment:"Check for .ssim files with no corresponding ssimfile entry"
atf_ci.begin  citest:normalize_acr  sandbox:N
data/dev/gitfile.ssim:2078: acr.ssimreq  ssimreq:atfdb.Comptest.comptest:%  record:dev.gitfile:test/atf_comp/kapi.MetadataRequestV9rdp  regx:test/atf_comp/%  comment:"record has no match in atfdb.comptest"
dev.gitfile  gitfile:test/atf_comp/kapi.MetadataRequestV9rdp

algo_lib.exec  cmd:"bin/acr  -query:% -check:Y -write:Y -x:Y -report:N -print:N"  comment:"exit code 1"
atf_ci.citest  citest:normalize_acr  runtime:00:00:00.537889784  success:N  comment:"Read ssim databases into memory and write back"
atf_ci.failed  citest:normalize_acr  success:N  comment:"See prior output for more information"
report.atf_ci  n_citest:48  n_run:5  n_pass:4  success:N  comment:"Some errors occured. Please examine them and try again."
Normalize failed! Amending last commit and retrying...
[algornd/arnd.643 16679cef] adopt kapi.cpp style:ByteAry/memptr/strptr *prep solo files for testing *add metadata files by hand
 Date: Mon Apr 28 15:26:48 2025 -0400
 19 files changed, 187 insertions(+), 529 deletions(-)
 create mode 100644 test/atf_comp/kapi.MetadataReqV9Rdp
 create mode 100644 test/atf_comp/kapi.MetadataRequestV9rdp
 create mode 100644 test/atf_comp/kapi.MetadataRspV9Rdp
Attempt 3: Running 'normalize'...
# Running tests: checkclean,gitfile,scanreadme,ssimfile,normalize_acr,dkr_gen,omcli_gen,x2admin_gen,fast_gen,x2topo,src_lim,amc,bootstrap,shebang,encoding,readme,file_header,non-copyrighted,iffy_src,stray_gen,tempcode,lineendings,update_script,indent_script,cppcheck,indent_srcfile,ts_indent,normalize_amc_vis,normalize_acr_my,apm_check,
abt.config  builddir:Linux-g++.release-x86_64  ood_src:0  ood_target:0  cache:none
report.abt  n_target:105  time:00:00:00.08315922  hitrate:""  pch_hitrate:""  n_warn:0  n_err:0  n_install:0
atf_ci.begin  citest:checkclean  sandbox:N
atf_ci.citest  citest:checkclean  runtime:00:00:00.026834022  success:Y  comment:"Check that no files are modified"
atf_ci.begin  citest:gitfile  sandbox:N
atf_ci.citest  citest:gitfile  runtime:00:00:00.407894122  success:Y  comment:"Update gitfile tables by scanning filesystem"
atf_ci.begin  citest:scanreadme  sandbox:N
atf_ci.citest  citest:scanreadme  runtime:00:00:00.101347671  success:Y  comment:"Update readme tables by scanning filesystem"
atf_ci.begin  citest:ssimfile  sandbox:N
atf_ci.citest  citest:ssimfile  runtime:00:00:00.027818635  success:Y  comment:"Check for .ssim files with no corresponding ssimfile entry"
atf_ci.begin  citest:normalize_acr  sandbox:N
data/dev/gitfile.ssim:2078: acr.ssimreq  ssimreq:atfdb.Comptest.comptest:%  record:dev.gitfile:test/atf_comp/kapi.MetadataRequestV9rdp  regx:test/atf_comp/%  comment:"record has no match in atfdb.comptest"
dev.gitfile  gitfile:test/atf_comp/kapi.MetadataRequestV9rdp

algo_lib.exec  cmd:"bin/acr  -query:% -check:Y -write:Y -x:Y -report:N -print:N"  comment:"exit code 1"
atf_ci.citest  citest:normalize_acr  runtime:00:00:00.527772673  success:N  comment:"Read ssim databases into memory and write back"
atf_ci.failed  citest:normalize_acr  success:N  comment:"See prior output for more information"
report.atf_ci  n_citest:48  n_run:5  n_pass:4  success:N  comment:"Some errors occured. Please examine them and try again."
Normalize failed! Amending last commit and retrying...
[algornd/arnd.643 b4407dbc] adopt kapi.cpp style:ByteAry/memptr/strptr *prep solo files for testing *add metadata files by hand
 Date: Mon Apr 28 15:26:48 2025 -0400
 19 files changed, 187 insertions(+), 529 deletions(-)
 create mode 100644 test/atf_comp/kapi.MetadataReqV9Rdp
 create mode 100644 test/atf_comp/kapi.MetadataRequestV9rdp
 create mode 100644 test/atf_comp/kapi.MetadataRspV9Rdp
Attempt 4: Running 'normalize'...
# Running tests: checkclean,gitfile,scanreadme,ssimfile,normalize_acr,dkr_gen,omcli_gen,x2admin_gen,fast_gen,x2topo,src_lim,amc,bootstrap,shebang,encoding,readme,file_header,non-copyrighted,iffy_src,stray_gen,tempcode,lineendings,update_script,indent_script,cppcheck,indent_srcfile,ts_indent,normalize_amc_vis,normalize_acr_my,apm_check,
abt.config  builddir:Linux-g++.release-x86_64  ood_src:0  ood_target:0  cache:none
report.abt  n_target:105  time:00:00:00.08410116  hitrate:""  pch_hitrate:""  n_warn:0  n_err:0  n_install:0
atf_ci.begin  citest:checkclean  sandbox:N
atf_ci.citest  citest:checkclean  runtime:00:00:00.027035651  success:Y  comment:"Check that no files are modified"
atf_ci.begin  citest:gitfile  sandbox:N
atf_ci.citest  citest:gitfile  runtime:00:00:00.407576207  success:Y  comment:"Update gitfile tables by scanning filesystem"
atf_ci.begin  citest:scanreadme  sandbox:N
atf_ci.citest  citest:scanreadme  runtime:00:00:00.100281275  success:Y  comment:"Update readme tables by scanning filesystem"
atf_ci.begin  citest:ssimfile  sandbox:N
atf_ci.citest  citest:ssimfile  runtime:00:00:00.027378219  success:Y  comment:"Check for .ssim files with no corresponding ssimfile entry"
atf_ci.begin  citest:normalize_acr  sandbox:N
data/dev/gitfile.ssim:2078: acr.ssimreq  ssimreq:atfdb.Comptest.comptest:%  record:dev.gitfile:test/atf_comp/kapi.MetadataRequestV9rdp  regx:test/atf_comp/%  comment:"record has no match in atfdb.comptest"
dev.gitfile  gitfile:test/atf_comp/kapi.MetadataRequestV9rdp

algo_lib.exec  cmd:"bin/acr  -query:% -check:Y -write:Y -x:Y -report:N -print:N"  comment:"exit code 1"
atf_ci.citest  citest:normalize_acr  runtime:00:00:00.529473501  success:N  comment:"Read ssim databases into memory and write back"
atf_ci.failed  citest:normalize_acr  success:N  comment:"See prior output for more information"
report.atf_ci  n_citest:48  n_run:5  n_pass:4  success:N  comment:"Some errors occured. Please examine them and try again."
Normalize failed! Amending last commit and retrying...
[algornd/arnd.643 39c7dc12] adopt kapi.cpp style:ByteAry/memptr/strptr *prep solo files for testing *add metadata files by hand
 Date: Mon Apr 28 15:26:48 2025 -0400
 19 files changed, 187 insertions(+), 529 deletions(-)
 create mode 100644 test/atf_comp/kapi.MetadataReqV9Rdp
 create mode 100644 test/atf_comp/kapi.MetadataRequestV9rdp
 create mode 100644 test/atf_comp/kapi.MetadataRspV9Rdp
Attempt 5: Running 'normalize'...
# Running tests: checkclean,gitfile,scanreadme,ssimfile,normalize_acr,dkr_gen,omcli_gen,x2admin_gen,fast_gen,x2topo,src_lim,amc,bootstrap,shebang,encoding,readme,file_header,non-copyrighted,iffy_src,stray_gen,tempcode,lineendings,update_script,indent_script,cppcheck,indent_srcfile,ts_indent,normalize_amc_vis,normalize_acr_my,apm_check,
abt.config  builddir:Linux-g++.release-x86_64  ood_src:0  ood_target:0  cache:none
report.abt  n_target:105  time:00:00:00.082391811  hitrate:""  pch_hitrate:""  n_warn:0  n_err:0  n_install:0
atf_ci.begin  citest:checkclean  sandbox:N
atf_ci.citest  citest:checkclean  runtime:00:00:00.026781152  success:Y  comment:"Check that no files are modified"
atf_ci.begin  citest:gitfile  sandbox:N
atf_ci.citest  citest:gitfile  runtime:00:00:00.405239549  success:Y  comment:"Update gitfile tables by scanning filesystem"
atf_ci.begin  citest:scanreadme  sandbox:N
atf_ci.citest  citest:scanreadme  runtime:00:00:00.099927742  success:Y  comment:"Update readme tables by scanning filesystem"
atf_ci.begin  citest:ssimfile  sandbox:N
atf_ci.citest  citest:ssimfile  runtime:00:00:00.02902548  success:Y  comment:"Check for .ssim files with no corresponding ssimfile entry"
atf_ci.begin  citest:normalize_acr  sandbox:N
data/dev/gitfile.ssim:2078: acr.ssimreq  ssimreq:atfdb.Comptest.comptest:%  record:dev.gitfile:test/atf_comp/kapi.MetadataRequestV9rdp  regx:test/atf_comp/%  comment:"record has no match in atfdb.comptest"
dev.gitfile  gitfile:test/atf_comp/kapi.MetadataRequestV9rdp

algo_lib.exec  cmd:"bin/acr  -query:% -check:Y -write:Y -x:Y -report:N -print:N"  comment:"exit code 1"
atf_ci.citest  citest:normalize_acr  runtime:00:00:00.53500802  success:N  comment:"Read ssim databases into memory and write back"
atf_ci.failed  citest:normalize_acr  success:N  comment:"See prior output for more information"
report.atf_ci  n_citest:48  n_run:5  n_pass:4  success:N  comment:"Some errors occured. Please examine them and try again."
Normalize failed! Amending last commit and retrying...
[algornd/arnd.643 6cd86139] adopt kapi.cpp style:ByteAry/memptr/strptr *prep solo files for testing *add metadata files by hand
 Date: Mon Apr 28 15:26:48 2025 -0400
 19 files changed, 187 insertions(+), 529 deletions(-)
 create mode 100644 test/atf_comp/kapi.MetadataReqV9Rdp
 create mode 100644 test/atf_comp/kapi.MetadataRequestV9rdp
 create mode 100644 test/atf_comp/kapi.MetadataRspV9Rdp
Attempt 6: Running 'normalize'...
# Running tests: checkclean,gitfile,scanreadme,ssimfile,normalize_acr,dkr_gen,omcli_gen,x2admin_gen,fast_gen,x2topo,src_lim,amc,bootstrap,shebang,encoding,readme,file_header,non-copyrighted,iffy_src,stray_gen,tempcode,lineendings,update_script,indent_script,cppcheck,indent_srcfile,ts_indent,normalize_amc_vis,normalize_acr_my,apm_check,
abt.config  builddir:Linux-g++.release-x86_64  ood_src:0  ood_target:0  cache:none
report.abt  n_target:105  time:00:00:00.082819934  hitrate:""  pch_hitrate:""  n_warn:0  n_err:0  n_install:0
atf_ci.begin  citest:checkclean  sandbox:N
atf_ci.citest  citest:checkclean  runtime:00:00:00.027134964  success:Y  comment:"Check that no files are modified"
atf_ci.begin  citest:gitfile  sandbox:N
atf_ci.citest  citest:gitfile  runtime:00:00:00.405632682  success:Y  comment:"Update gitfile tables by scanning filesystem"
atf_ci.begin  citest:scanreadme  sandbox:N
atf_ci.citest  citest:scanreadme  runtime:00:00:00.100034248  success:Y  comment:"Update readme tables by scanning filesystem"
atf_ci.begin  citest:ssimfile  sandbox:N
atf_ci.citest  citest:ssimfile  runtime:00:00:00.029005645  success:Y  comment:"Check for .ssim files with no corresponding ssimfile entry"
atf_ci.begin  citest:normalize_acr  sandbox:N
data/dev/gitfile.ssim:2078: acr.ssimreq  ssimreq:atfdb.Comptest.comptest:%  record:dev.gitfile:test/atf_comp/kapi.MetadataRequestV9rdp  regx:test/atf_comp/%  comment:"record has no match in atfdb.comptest"
dev.gitfile  gitfile:test/atf_comp/kapi.MetadataRequestV9rdp

algo_lib.exec  cmd:"bin/acr  -query:% -check:Y -write:Y -x:Y -report:N -print:N"  comment:"exit code 1"
atf_ci.citest  citest:normalize_acr  runtime:00:00:00.532330191  success:N  comment:"Read ssim databases into memory and write back"
atf_ci.failed  citest:normalize_acr  success:N  comment:"See prior output for more information"
report.atf_ci  n_citest:48  n_run:5  n_pass:4  success:N  comment:"Some errors occured. Please examine them and try again."
Normalize failed! Amending last commit and retrying...
[algornd/arnd.643 635bd856] adopt kapi.cpp style:ByteAry/memptr/strptr *prep solo files for testing *add metadata files by hand
 Date: Mon Apr 28 15:26:48 2025 -0400
 19 files changed, 187 insertions(+), 529 deletions(-)
 create mode 100644 test/atf_comp/kapi.MetadataReqV9Rdp
 create mode 100644 test/atf_comp/kapi.MetadataRequestV9rdp
 create mode 100644 test/atf_comp/kapi.MetadataRspV9Rdp
Attempt 7: Running 'normalize'...
# Running tests: checkclean,gitfile,scanreadme,ssimfile,normalize_acr,dkr_gen,omcli_gen,x2admin_gen,fast_gen,x2topo,src_lim,amc,bootstrap,shebang,encoding,readme,file_header,non-copyrighted,iffy_src,stray_gen,tempcode,lineendings,update_script,indent_script,cppcheck,indent_srcfile,ts_indent,normalize_amc_vis,normalize_acr_my,apm_check,
abt.config  builddir:Linux-g++.release-x86_64  ood_src:0  ood_target:0  cache:none
report.abt  n_target:105  time:00:00:00.083843308  hitrate:""  pch_hitrate:""  n_warn:0  n_err:0  n_install:0
atf_ci.begin  citest:checkclean  sandbox:N
atf_ci.citest  citest:checkclean  runtime:00:00:00.025919528  success:Y  comment:"Check that no files are modified"
atf_ci.begin  citest:gitfile  sandbox:N
atf_ci.citest  citest:gitfile  runtime:00:00:00.409237784  success:Y  comment:"Update gitfile tables by scanning filesystem"
atf_ci.begin  citest:scanreadme  sandbox:N
atf_ci.citest  citest:scanreadme  runtime:00:00:00.100270309  success:Y  comment:"Update readme tables by scanning filesystem"
atf_ci.begin  citest:ssimfile  sandbox:N
atf_ci.citest  citest:ssimfile  runtime:00:00:00.028846199  success:Y  comment:"Check for .ssim files with no corresponding ssimfile entry"
atf_ci.begin  citest:normalize_acr  sandbox:N
data/dev/gitfile.ssim:2078: acr.ssimreq  ssimreq:atfdb.Comptest.comptest:%  record:dev.gitfile:test/atf_comp/kapi.MetadataRequestV9rdp  regx:test/atf_comp/%  comment:"record has no match in atfdb.comptest"
dev.gitfile  gitfile:test/atf_comp/kapi.MetadataRequestV9rdp

algo_lib.exec  cmd:"bin/acr  -query:% -check:Y -write:Y -x:Y -report:N -print:N"  comment:"exit code 1"
atf_ci.citest  citest:normalize_acr  runtime:00:00:00.531560407  success:N  comment:"Read ssim databases into memory and write back"
atf_ci.failed  citest:normalize_acr  success:N  comment:"See prior output for more information"
report.atf_ci  n_citest:48  n_run:5  n_pass:4  success:N  comment:"Some errors occured. Please examine them and try again."
Normalize failed! Amending last commit and retrying...
[algornd/arnd.643 0594acd5] adopt kapi.cpp style:ByteAry/memptr/strptr *prep solo files for testing *add metadata files by hand
 Date: Mon Apr 28 15:26:48 2025 -0400
 19 files changed, 187 insertions(+), 529 deletions(-)
 create mode 100644 test/atf_comp/kapi.MetadataReqV9Rdp
 create mode 100644 test/atf_comp/kapi.MetadataRequestV9rdp
 create mode 100644 test/atf_comp/kapi.MetadataRspV9Rdp
Attempt 8: Running 'normalize'...
# Running tests: checkclean,gitfile,scanreadme,ssimfile,normalize_acr,dkr_gen,omcli_gen,x2admin_gen,fast_gen,x2topo,src_lim,amc,bootstrap,shebang,encoding,readme,file_header,non-copyrighted,iffy_src,stray_gen,tempcode,lineendings,update_script,indent_script,cppcheck,indent_srcfile,ts_indent,normalize_amc_vis,normalize_acr_my,apm_check,
abt.config  builddir:Linux-g++.release-x86_64  ood_src:0  ood_target:0  cache:none
report.abt  n_target:105  time:00:00:00.083534822  hitrate:""  pch_hitrate:""  n_warn:0  n_err:0  n_install:0
atf_ci.begin  citest:checkclean  sandbox:N
atf_ci.citest  citest:checkclean  runtime:00:00:00.02684345  success:Y  comment:"Check that no files are modified"
atf_ci.begin  citest:gitfile  sandbox:N
atf_ci.citest  citest:gitfile  runtime:00:00:00.407069513  success:Y  comment:"Update gitfile tables by scanning filesystem"
atf_ci.begin  citest:scanreadme  sandbox:N
atf_ci.citest  citest:scanreadme  runtime:00:00:00.0989777  success:Y  comment:"Update readme tables by scanning filesystem"
atf_ci.begin  citest:ssimfile  sandbox:N
atf_ci.citest  citest:ssimfile  runtime:00:00:00.028452088  success:Y  comment:"Check for .ssim files with no corresponding ssimfile entry"
atf_ci.begin  citest:normalize_acr  sandbox:N
data/dev/gitfile.ssim:2078: acr.ssimreq  ssimreq:atfdb.Comptest.comptest:%  record:dev.gitfile:test/atf_comp/kapi.MetadataRequestV9rdp  regx:test/atf_comp/%  comment:"record has no match in atfdb.comptest"
dev.gitfile  gitfile:test/atf_comp/kapi.MetadataRequestV9rdp

algo_lib.exec  cmd:"bin/acr  -query:% -check:Y -write:Y -x:Y -report:N -print:N"  comment:"exit code 1"
atf_ci.citest  citest:normalize_acr  runtime:00:00:00.531124183  success:N  comment:"Read ssim databases into memory and write back"
atf_ci.failed  citest:normalize_acr  success:N  comment:"See prior output for more information"
report.atf_ci  n_citest:48  n_run:5  n_pass:4  success:N  comment:"Some errors occured. Please examine them and try again."
Normalize failed! Amending last commit and retrying...
[algornd/arnd.643 7e4034f0] adopt kapi.cpp style:ByteAry/memptr/strptr *prep solo files for testing *add metadata files by hand
 Date: Mon Apr 28 15:26:48 2025 -0400
 19 files changed, 187 insertions(+), 529 deletions(-)
 create mode 100644 test/atf_comp/kapi.MetadataReqV9Rdp
 create mode 100644 test/atf_comp/kapi.MetadataRequestV9rdp
 create mode 100644 test/atf_comp/kapi.MetadataRspV9Rdp
Attempt 9: Running 'normalize'...
# Running tests: checkclean,gitfile,scanreadme,ssimfile,normalize_acr,dkr_gen,omcli_gen,x2admin_gen,fast_gen,x2topo,src_lim,amc,bootstrap,shebang,encoding,readme,file_header,non-copyrighted,iffy_src,stray_gen,tempcode,lineendings,update_script,indent_script,cppcheck,indent_srcfile,ts_indent,normalize_amc_vis,normalize_acr_my,apm_check,
abt.config  builddir:Linux-g++.release-x86_64  ood_src:0  ood_target:0  cache:none
report.abt  n_target:105  time:00:00:00.08189266  hitrate:""  pch_hitrate:""  n_warn:0  n_err:0  n_install:0
atf_ci.begin  citest:checkclean  sandbox:N
atf_ci.citest  citest:checkclean  runtime:00:00:00.027235814  success:Y  comment:"Check that no files are modified"
atf_ci.begin  citest:gitfile  sandbox:N
atf_ci.citest  citest:gitfile  runtime:00:00:00.404798994  success:Y  comment:"Update gitfile tables by scanning filesystem"
atf_ci.begin  citest:scanreadme  sandbox:N
atf_ci.citest  citest:scanreadme  runtime:00:00:00.099878644  success:Y  comment:"Update readme tables by scanning filesystem"
atf_ci.begin  citest:ssimfile  sandbox:N
atf_ci.citest  citest:ssimfile  runtime:00:00:00.029349611  success:Y  comment:"Check for .ssim files with no corresponding ssimfile entry"
atf_ci.begin  citest:normalize_acr  sandbox:N
data/dev/gitfile.ssim:2078: acr.ssimreq  ssimreq:atfdb.Comptest.comptest:%  record:dev.gitfile:test/atf_comp/kapi.MetadataRequestV9rdp  regx:test/atf_comp/%  comment:"record has no match in atfdb.comptest"
dev.gitfile  gitfile:test/atf_comp/kapi.MetadataRequestV9rdp

algo_lib.exec  cmd:"bin/acr  -query:% -check:Y -write:Y -x:Y -report:N -print:N"  comment:"exit code 1"
atf_ci.citest  citest:normalize_acr  runtime:00:00:00.535826412  success:N  comment:"Read ssim databases into memory and write back"
atf_ci.failed  citest:normalize_acr  success:N  comment:"See prior output for more information"
report.atf_ci  n_citest:48  n_run:5  n_pass:4  success:N  comment:"Some errors occured. Please examine them and try again."
Normalize failed! Amending last commit and retrying...
[algornd/arnd.643 80b350ce] adopt kapi.cpp style:ByteAry/memptr/strptr *prep solo files for testing *add metadata files by hand
 Date: Mon Apr 28 15:26:48 2025 -0400
 19 files changed, 187 insertions(+), 529 deletions(-)
 create mode 100644 test/atf_comp/kapi.MetadataReqV9Rdp
 create mode 100644 test/atf_comp/kapi.MetadataRequestV9rdp
 create mode 100644 test/atf_comp/kapi.MetadataRspV9Rdp
Attempt 10: Running 'normalize'...
# Running tests: checkclean,gitfile,scanreadme,ssimfile,normalize_acr,dkr_gen,omcli_gen,x2admin_gen,fast_gen,x2topo,src_lim,amc,bootstrap,shebang,encoding,readme,file_header,non-copyrighted,iffy_src,stray_gen,tempcode,lineendings,update_script,indent_script,cppcheck,indent_srcfile,ts_indent,normalize_amc_vis,normalize_acr_my,apm_check,
abt.config  builddir:Linux-g++.release-x86_64  ood_src:0  ood_target:0  cache:none
report.abt  n_target:105  time:00:00:00.08368484  hitrate:""  pch_hitrate:""  n_warn:0  n_err:0  n_install:0
atf_ci.begin  citest:checkclean  sandbox:N
atf_ci.citest  citest:checkclean  runtime:00:00:00.027017144  success:Y  comment:"Check that no files are modified"
atf_ci.begin  citest:gitfile  sandbox:N
atf_ci.citest  citest:gitfile  runtime:00:00:00.405634986  success:Y  comment:"Update gitfile tables by scanning filesystem"
atf_ci.begin  citest:scanreadme  sandbox:N
atf_ci.citest  citest:scanreadme  runtime:00:00:00.103777007  success:Y  comment:"Update readme tables by scanning filesystem"
atf_ci.begin  citest:ssimfile  sandbox:N
atf_ci.citest  citest:ssimfile  runtime:00:00:00.027468523  success:Y  comment:"Check for .ssim files with no corresponding ssimfile entry"
atf_ci.begin  citest:normalize_acr  sandbox:N
data/dev/gitfile.ssim:2078: acr.ssimreq  ssimreq:atfdb.Comptest.comptest:%  record:dev.gitfile:test/atf_comp/kapi.MetadataRequestV9rdp  regx:test/atf_comp/%  comment:"record has no match in atfdb.comptest"
dev.gitfile  gitfile:test/atf_comp/kapi.MetadataRequestV9rdp

algo_lib.exec  cmd:"bin/acr  -query:% -check:Y -write:Y -x:Y -report:N -print:N"  comment:"exit code 1"
atf_ci.citest  citest:normalize_acr  runtime:00:00:00.535420987  success:N  comment:"Read ssim databases into memory and write back"
atf_ci.failed  citest:normalize_acr  success:N  comment:"See prior output for more information"
report.atf_ci  n_citest:48  n_run:5  n_pass:4  success:N  comment:"Some errors occured. Please examine them and try again."
Normalize failed! Amending last commit and retrying...
[algornd/arnd.643 51254e51] adopt kapi.cpp style:ByteAry/memptr/strptr *prep solo files for testing *add metadata files by hand
 Date: Mon Apr 28 15:26:48 2025 -0400
 19 files changed, 187 insertions(+), 529 deletions(-)
 create mode 100644 test/atf_comp/kapi.MetadataReqV9Rdp
 create mode 100644 test/atf_comp/kapi.MetadataRequestV9rdp
 create mode 100644 test/atf_comp/kapi.MetadataRspV9Rdp
avorovich@nj1:~/arnd$ grep -r "MetadataRequestV9rdp" .
./data/dev/gitfile.ssim:dev.gitfile  gitfile:test/atf_comp/kapi.MetadataRequestV9rdp
grep: ./.git/index: binary file matches